8d597c901adbe18030814d4d0a0e23ad8a709549 | 2026-10-07T18:04:21+05:30 | Add Division? [A] from Codeforces (Problem Statement)
4af93fe99f4466d514057e009217d4ceab7f1075 | 2026-10-07T18:04:22+05:30 | Add Division? [A] from Codeforces
655ab37a5d112824edee225145b4891abe8b4fbd | 2026-10-07T18:04:24+05:30 | Update topic-wise problem index [CFPusher]
57e21b6c198be8ffa25f9dd1958ecfe229fd452a | 2026-10-07T18:14:08+05:30 | Add Lucky? [A] from Codeforces (Problem Statement)
fb3be39c842684f9133dd70394089c3e30ba6ebe | 2026-10-07T18:14:10+05:30 | Add Lucky? [A] from Codeforces
13bc1a684ed1c0f866a6d84d7662c254917c61b2 | 2026-10-07T18:14:11+05:30 | Update topic-wise problem index [CFPusher]
b86a530b83ff099ff048414128c09023110ff6bb | 2026-10-07T19:51:41+05:30 | Add Sum [A] from Codeforces (backfill)
329ecea919e0fbb33ebd6546eef3f40a1043e052 | 2026-10-07T19:51:41+05:30 | Add Wrong Subtraction [A] from Codeforces (backfill)
b44d340d10b94a8462d134e14b1741884bf2d070 | 2026-10-07T19:51:41+05:30 | Add Calculating Function [A] from Codeforces (backfill)
877b0e2c815f257799d9a897f0ccee85018bdaef | 2026-10-07T19:51:41+05:30 | Add Minimal Square [A] from Codeforces (backfill)
077ef24b8ef3010ada657e8ccea0dc2fdaa2f072 | 2026-10-07T19:51:41+05:30 | Add Translation [A] from Codeforces (backfill)
544d1fde265f4edc5c154adec855a631103a6ecc | 2026-10-07T19:51:41+05:30 | Add Yogurt Sale [A] from Codeforces (backfill)
c755e41739e325747628c349944832d0b4353364 | 2026-10-07T19:51:41+05:30 | Add Word [A] from Codeforces (backfill)
d8049698f983a2a5b9fa4eae401a4d0df4d300d4 | 2026-10-07T19:51:41+05:30 | Add Stones on the Table [A] from Codeforces (backfill)
642b91ab799b9ed3cc03c42f06df9864100552a9 | 2026-10-07T19:56:26+05:30 | Add Restoring Three Numbers [A] from Codeforces (automatic backup)
f5b0bd6a8af1600ec46d4f3453decf9fcaf49d18 | 2026-10-07T19:56:35+05:30 | Add Watermelon [A] from Codeforces (automatic backup)
4d883492daf6ef9673aed69f61a934e74c914acc | 2026-10-07T19:59:10+05:30 | Rebuild topic-wise problem index after complete backfill
f103cb8a647b194fe59c61d6a24471f3af03157c | 2026-10-07T20:01:20+05:30 | Repair malformed CFPusher paths for Lucky and Division
ddd3a33f3304e8debb1729b4dd53c5631890c942 | 2026-10-07T20:02:32+05:30 | Rebuild topic-wise problem index for all accepted solutions
df5baabb63d7b1c3c4577aac55d83e788b6b8479 | 2026-10-08T13:36:55+05:30 | Add Restoring Three Numbers [A] from Codeforces (Problem Statement)
e65f0bac40ff3a8adeed55dd6bb4d23a54c9cb7d | 2026-10-08T13:36:57+05:30 | Add Restoring Three Numbers [A] from Codeforces
eb76429cea09c71c8d4c89fb290b2e047a612f68 | 2026-10-08T13:36:59+05:30 | Update topic-wise problem index [CFPusher]
8d916d20ee1e405b2dc1fff8449f657eb58ac508 | 2026-10-08T17:25:13+05:30 | Add George and Accommodation [A] from Codeforces (Problem Statement)
912b5dd4472c333d38652a3bfcd887ce9d3449fc | 2026-10-08T17:25:15+05:30 | Add George and Accommodation [A] from Codeforces
73868d84ee46ebbc46663cdfa5f85e878dd71bed | 2026-10-08T17:25:16+05:30 | Update topic-wise problem index [CFPusher]
1f3d527f04a7e49fc822ae6f3c83984c1f85e00a | 2026-10-08T18:05:01+05:30 | Add Odd One Out [A] from Codeforces (Problem Statement)
9a7598be5c25e461ab0054831bdbbeeb9c3f28f7 | 2026-10-08T18:05:03+05:30 | Add Odd One Out [A] from Codeforces
3c744044c5e1c5e1e5f009cec047742bd46a7a05 | 2026-10-08T18:05:05+05:30 | Update topic-wise problem index [CFPusher]
